C:/Users/boss2/STM32CubeIDE/CMSIS/Include/core_cm4.h:1688:22:__NVIC_EnableIRQ	16	static
C:/Users/boss2/STM32CubeIDE/CMSIS/Include/core_cm4.h:1816:22:__NVIC_SetPriority	16	static
../Src/main.c:29:6:gpio_config	4	static
../Src/main.c:61:6:uart_init	8	static
../Src/main.c:83:6:send_char	16	static
../Src/main.c:88:6:send_string	16	static
../Src/main.c:96:6:TIM1_PWM_Init	4	static
../Src/main.c:118:6:Set_frq_duty_cycle_TIM1	16	static
../Src/main.c:123:6:TIM3_Init	8	static,ignoring_inline_asm
../Src/main.c:136:6:adc_init	4	static
../Src/main.c:148:6:Ext_init_PB7	8	static,ignoring_inline_asm
../Src/main.c:160:6:Ext_init_PB3	8	static,ignoring_inline_asm
../Src/main.c:172:6:Ext_init_PB4	8	static,ignoring_inline_asm
../Src/main.c:184:6:Ext_init_PA15	8	static,ignoring_inline_asm
../Src/main.c:195:5:is_ignited	4	static
../Src/main.c:199:6:blink	16	static
../Src/main.c:209:6:blink_off	16	static
../Src/main.c:214:6:parking_light	16	static
../Src/main.c:225:5:main	16	static
../Src/main.c:327:6:EXTI9_5_IRQHandler	4	static
../Src/main.c:335:6:EXTI3_IRQHandler	8	static
../Src/main.c:351:6:EXTI4_IRQHandler	8	static
../Src/main.c:367:6:EXTI15_10_IRQHandler	8	static
../Src/main.c:383:6:TIM3_IRQHandler	4	static
../Src/main.c:399:6:USART2_IRQHandler	4	static
